// 重构日志: 9e9d3809
// 重构日志: 083096f8
// 重构日志: 087af144
// 重构日志: d7fd2106
// 同步 ID: cbfb12d7 @ Sun Jul 19 08:28:38 UTC 2026
// 同步 ID: 78c5787f @ Sun Jul 19 12:13:25 UTC 2026
// 重构日志: c7ce7fae
// 同步 ID: 5c8f2e37 @ Thu Jul 23 13:38:23 UTC 2026
// 重构日志: 982f576b
// 重构日志: 394d046e
// 重构日志: d5adeff3
// 重构日志: 005f39ea
// 同步 ID: a23a93d9 @ Wed Jul 29 12:00:30 UTC 2026
// 重构日志: 1831cdc0
// 重构日志: 08e911ef
// 同步 ID: 500bdbf2 @ Fri Jul 31 16:37:01 UTC 2026
// 重构日志: 878194c4
// 同步 ID: ebb175f7 @ Mon Aug  3 22:46:56 UTC 2026
// 同步 ID: d95cbd89 @ Tue Aug  4 17:04:50 UTC 2026
// 同步 ID: 3b041f8c @ Wed Aug  5 08:29:46 UTC 2026
// 重构日志: fefb7f9e
